{"num_timeseries_kinds": 370, "window_size": 100, "number_of_vars": 4, "transformation_covariates_var_path": "plugins/WindowStride/example///transformation_covariates_var_elect.pkl", "transformation_covariates": "plugins/WindowStride/example///transformation_covariates_elect.pkl", "train_start": "2011-01-01 00:15:00", "train_end": "2011-04-20 08:45:00", "test_start": "2011-04-20 06:45:00", "test_end": "2011-06-06 05:30:00"}